[1.772s] Invoking command in '/home/omar__s/ros2-lab/build/robot_controller': DEBUGINFOD_URLS=https://debuginfod.ubuntu.com PYTHONPATH=/home/omar__s/ros2-lab/build/robot_controller/prefix_override:/usr/lib/python3/dist-packages/colcon_core/task/python/colcon_distutils_commands:/home/omar__s/ros2-lab/install/robot_controller/lib/python3.12/site-packages:${PYTHONPATH} /usr/bin/python3 -W ignore:setup.py install is deprecated -W ignore:easy_install command is deprecated setup.py develop --editable --build-directory /home/omar__s/ros2-lab/build/robot_controller/build --no-deps symlink_data
[2.069s] running develop
[2.285s] running egg_info
[2.285s] creating robot_controller.egg-info
[2.302s] writing robot_controller.egg-info/PKG-INFO
[2.303s] writing dependency_links to robot_controller.egg-info/dependency_links.txt
[2.303s] writing entry points to robot_controller.egg-info/entry_points.txt
[2.304s] writing requirements to robot_controller.egg-info/requires.txt
[2.304s] writing top-level names to robot_controller.egg-info/top_level.txt
[2.304s] writing manifest file 'robot_controller.egg-info/SOURCES.txt'
[2.349s] reading manifest file 'robot_controller.egg-info/SOURCES.txt'
[2.350s] writing manifest file 'robot_controller.egg-info/SOURCES.txt'
[2.371s] running build_ext
[2.371s] Creating /home/omar__s/ros2-lab/install/robot_controller/lib/python3.12/site-packages/robot-controller.egg-link (link to .)
[2.372s] Installing temp_converter script to /home/omar__s/ros2-lab/install/robot_controller/lib/robot_controller
[2.381s] Installing temp_publisher script to /home/omar__s/ros2-lab/install/robot_controller/lib/robot_controller
[2.381s] 
[2.381s] Installed /home/omar__s/ros2-lab/build/robot_controller
[2.382s] running symlink_data
[2.382s] creating /home/omar__s/ros2-lab/install/robot_controller/share/ament_index
[2.383s] creating /home/omar__s/ros2-lab/install/robot_controller/share/ament_index/resource_index
[2.383s] creating /home/omar__s/ros2-lab/install/robot_controller/share/ament_index/resource_index/packages
[2.383s] symbolically linking /home/omar__s/ros2-lab/build/robot_controller/resource/robot_controller -> /home/omar__s/ros2-lab/install/robot_controller/share/ament_index/resource_index/packages
[2.383s] symbolically linking /home/omar__s/ros2-lab/build/robot_controller/package.xml -> /home/omar__s/ros2-lab/install/robot_controller/share/robot_controller
[2.419s] Invoked command in '/home/omar__s/ros2-lab/build/robot_controller' returned '0': DEBUGINFOD_URLS=https://debuginfod.ubuntu.com PYTHONPATH=/home/omar__s/ros2-lab/build/robot_controller/prefix_override:/usr/lib/python3/dist-packages/colcon_core/task/python/colcon_distutils_commands:/home/omar__s/ros2-lab/install/robot_controller/lib/python3.12/site-packages:${PYTHONPATH} /usr/bin/python3 -W ignore:setup.py install is deprecated -W ignore:easy_install command is deprecated setup.py develop --editable --build-directory /home/omar__s/ros2-lab/build/robot_controller/build --no-deps symlink_data
