[0.552s] [34mcolcon[0m [1;30mDEBUG[0m [32mCommand line arguments: ['C:\\Users\\Mathew\\Documents\\Code\\WEAP\\pixi_environments\\ros2_weap\\.pixi\\envs\\default\\Scripts\\colcon', 'build'][0m
[0.552s] [34mcolcon[0m [1;30mDEBUG[0m [32mParsed command line arguments: Namespace(log_base=None, log_level=None, verb_name='build', build_base='build', install_base='install', merge_install=False, symlink_install=False, test_result_base=None, continue_on_error=False, executor='parallel', parallel_workers=12, event_handlers=None, ignore_user_meta=False, metas=['./colcon.meta'], base_paths=['.'], packages_ignore=None, packages_ignore_regex=None, paths=None, packages_up_to=None, packages_up_to_regex=None, packages_above=None, packages_above_and_dependencies=None, packages_above_depth=None, packages_select_by_dep=None, packages_skip_by_dep=None, packages_skip_up_to=None, packages_select_build_failed=False, packages_skip_build_finished=False, packages_select_test_failures=False, packages_skip_test_passed=False, packages_select=None, packages_skip=None, packages_select_regex=None, packages_skip_regex=None, packages_start=None, packages_end=None, cmake_args=None, cmake_target=None, cmake_target_skip_unavailable=False, cmake_clean_cache=False, cmake_clean_first=False, cmake_force_configure=False, ament_cmake_args=None, catkin_cmake_args=None, catkin_skip_building_tests=False, verb_parser=<colcon_defaults.argument_parser.defaults.DefaultArgumentsDecorator object at 0x0000029303AFA6F0>, verb_extension=<colcon_core.verb.build.BuildVerb object at 0x00000293038677D0>, main=<bound method BuildVerb.main of <colcon_core.verb.build.BuildVerb object at 0x00000293038677D0>>)[0m
[0.662s] [34mcolcon.colcon_core.package_discovery[0m [1;30mLevel 1[0m discover_packages(colcon_meta) check parameters
[0.664s] [34mcolcon.colcon_core.package_discovery[0m [1;30mLevel 1[0m discover_packages(recursive) check parameters
[0.664s] [34mcolcon.colcon_core.package_discovery[0m [1;30mLevel 1[0m discover_packages(ignore) check parameters
[0.664s] [34mcolcon.colcon_core.package_discovery[0m [1;30mLevel 1[0m discover_packages(path) check parameters
[0.664s] [34mcolcon.colcon_core.package_discovery[0m [1;30mLevel 1[0m discover_packages(colcon_meta) discover
[0.664s] [34mcolcon.colcon_core.package_discovery[0m [1;30mLevel 1[0m discover_packages(recursive) discover
[0.664s] [34mcolcon.colcon_core.package_discovery[0m [1;30mINFO[0m Crawling recursively for packages in 'C:\Users\Mathew\Documents\Code\WEAP\pixi_environments\ros2_weap\ros2-lab'
[0.664s] [34mcolcon.colcon_core.package_identification[0m [1;30mLevel 1[0m _identify(.) by extensions ['ignore', 'ignore_ament_install']
[0.664s] [34mcolcon.colcon_core.package_identification[0m [1;30mLevel 1[0m _identify(.) by extension 'ignore'
[0.664s] [34mcolcon.colcon_core.package_identification[0m [1;30mLevel 1[0m _identify(.) by extension 'ignore_ament_install'
[0.664s] [34mcolcon.colcon_core.package_identification[0m [1;30mLevel 1[0m _identify(.) by extensions ['colcon_pkg']
[0.664s] [34mcolcon.colcon_core.package_identification[0m [1;30mLevel 1[0m _identify(.) by extension 'colcon_pkg'
[0.664s] [34mcolcon.colcon_core.package_identification[0m [1;30mLevel 1[0m _identify(.) by extensions ['colcon_meta']
[0.664s] [34mcolcon.colcon_core.package_identification[0m [1;30mLevel 1[0m _identify(.) by extension 'colcon_meta'
[0.664s] [34mcolcon.colcon_core.package_identification[0m [1;30mLevel 1[0m _identify(.) by extensions ['ros']
[0.664s] [34mcolcon.colcon_core.package_identification[0m [1;30mLevel 1[0m _identify(.) by extension 'ros'
[0.717s] [34mcolcon.colcon_core.package_identification[0m [1;30mLevel 1[0m _identify(.) by extensions ['cmake', 'python']
[0.717s] [34mcolcon.colcon_core.package_identification[0m [1;30mLevel 1[0m _identify(.) by extension 'cmake'
[0.717s] [34mcolcon.colcon_core.package_identification[0m [1;30mLevel 1[0m _identify(.) by extension 'python'
[0.717s] [34mcolcon.colcon_core.package_identification[0m [1;30mLevel 1[0m _identify(.) by extensions ['python_setup_py']
[0.717s] [34mcolcon.colcon_core.package_identification[0m [1;30mLevel 1[0m _identify(.) by extension 'python_setup_py'
[0.717s] [34mcolcon.colcon_core.package_identification[0m [1;30mLevel 1[0m _identify(build) by extensions ['ignore', 'ignore_ament_install']
[0.717s] [34mcolcon.colcon_core.package_identification[0m [1;30mLevel 1[0m _identify(build) by extension 'ignore'
[0.717s] [34mcolcon.colcon_core.package_identification[0m [1;30mLevel 1[0m _identify(build) ignored
[0.717s] [34mcolcon.colcon_core.package_identification[0m [1;30mLevel 1[0m _identify(install) by extensions ['ignore', 'ignore_ament_install']
[0.717s] [34mcolcon.colcon_core.package_identification[0m [1;30mLevel 1[0m _identify(install) by extension 'ignore'
[0.717s] [34mcolcon.colcon_core.package_identification[0m [1;30mLevel 1[0m _identify(install) ignored
[0.717s] [34mcolcon.colcon_core.package_identification[0m [1;30mLevel 1[0m _identify(log) by extensions ['ignore', 'ignore_ament_install']
[0.717s] [34mcolcon.colcon_core.package_identification[0m [1;30mLevel 1[0m _identify(log) by extension 'ignore'
[0.722s] [34mcolcon.colcon_core.package_identification[0m [1;30mLevel 1[0m _identify(log) ignored
[0.722s] [34mcolcon.colcon_core.package_identification[0m [1;30mLevel 1[0m _identify(src) by extensions ['ignore', 'ignore_ament_install']
[0.722s] [34mcolcon.colcon_core.package_identification[0m [1;30mLevel 1[0m _identify(src) by extension 'ignore'
[0.722s] [34mcolcon.colcon_core.package_identification[0m [1;30mLevel 1[0m _identify(src) by extension 'ignore_ament_install'
[0.722s] [34mcolcon.colcon_core.package_identification[0m [1;30mLevel 1[0m _identify(src) by extensions ['colcon_pkg']
[0.722s] [34mcolcon.colcon_core.package_identification[0m [1;30mLevel 1[0m _identify(src) by extension 'colcon_pkg'
[0.722s] [34mcolcon.colcon_core.package_identification[0m [1;30mLevel 1[0m _identify(src) by extensions ['colcon_meta']
[0.722s] [34mcolcon.colcon_core.package_identification[0m [1;30mLevel 1[0m _identify(src) by extension 'colcon_meta'
[0.722s] [34mcolcon.colcon_core.package_identification[0m [1;30mLevel 1[0m _identify(src) by extensions ['ros']
[0.722s] [34mcolcon.colcon_core.package_identification[0m [1;30mLevel 1[0m _identify(src) by extension 'ros'
[0.722s] [34mcolcon.colcon_core.package_identification[0m [1;30mLevel 1[0m _identify(src) by extensions ['cmake', 'python']
[0.722s] [34mcolcon.colcon_core.package_identification[0m [1;30mLevel 1[0m _identify(src) by extension 'cmake'
[0.722s] [34mcolcon.colcon_core.package_identification[0m [1;30mLevel 1[0m _identify(src) by extension 'python'
[0.722s] [34mcolcon.colcon_core.package_identification[0m [1;30mLevel 1[0m _identify(src) by extensions ['python_setup_py']
[0.722s] [34mcolcon.colcon_core.package_identification[0m [1;30mLevel 1[0m _identify(src) by extension 'python_setup_py'
[0.722s] [34mcolcon.colcon_core.package_identification[0m [1;30mLevel 1[0m _identify(src\build) by extensions ['ignore', 'ignore_ament_install']
[0.722s] [34mcolcon.colcon_core.package_identification[0m [1;30mLevel 1[0m _identify(src\build) by extension 'ignore'
[0.722s] [34mcolcon.colcon_core.package_identification[0m [1;30mLevel 1[0m _identify(src\build) ignored
[0.722s] [34mcolcon.colcon_core.package_identification[0m [1;30mLevel 1[0m _identify(src\install) by extensions ['ignore', 'ignore_ament_install']
[0.722s] [34mcolcon.colcon_core.package_identification[0m [1;30mLevel 1[0m _identify(src\install) by extension 'ignore'
[0.722s] [34mcolcon.colcon_core.package_identification[0m [1;30mLevel 1[0m _identify(src\install) ignored
[0.722s] [34mcolcon.colcon_core.package_identification[0m [1;30mLevel 1[0m _identify(src\log) by extensions ['ignore', 'ignore_ament_install']
[0.722s] [34mcolcon.colcon_core.package_identification[0m [1;30mLevel 1[0m _identify(src\log) by extension 'ignore'
[0.722s] [34mcolcon.colcon_core.package_identification[0m [1;30mLevel 1[0m _identify(src\log) ignored
[0.722s] [34mcolcon.colcon_core.package_identification[0m [1;30mLevel 1[0m _identify(src\robot_controller) by extensions ['ignore', 'ignore_ament_install']
[0.726s] [34mcolcon.colcon_core.package_identification[0m [1;30mLevel 1[0m _identify(src\robot_controller) by extension 'ignore'
[0.726s] [34mcolcon.colcon_core.package_identification[0m [1;30mLevel 1[0m _identify(src\robot_controller) by extension 'ignore_ament_install'
[0.726s] [34mcolcon.colcon_core.package_identification[0m [1;30mLevel 1[0m _identify(src\robot_controller) by extensions ['colcon_pkg']
[0.726s] [34mcolcon.colcon_core.package_identification[0m [1;30mLevel 1[0m _identify(src\robot_controller) by extension 'colcon_pkg'
[0.726s] [34mcolcon.colcon_core.package_identification[0m [1;30mLevel 1[0m _identify(src\robot_controller) by extensions ['colcon_meta']
[0.726s] [34mcolcon.colcon_core.package_identification[0m [1;30mLevel 1[0m _identify(src\robot_controller) by extension 'colcon_meta'
[0.726s] [34mcolcon.colcon_core.package_identification[0m [1;30mLevel 1[0m _identify(src\robot_controller) by extensions ['ros']
[0.726s] [34mcolcon.colcon_core.package_identification[0m [1;30mLevel 1[0m _identify(src\robot_controller) by extension 'ros'
[0.730s] [34mcolcon.colcon_core.package_identification[0m [1;30mDEBUG[0m [32mPackage 'src\robot_controller' with type 'ros.ament_python' and name 'robot_controller'[0m
[0.730s] [34mcolcon.colcon_core.package_discovery[0m [1;30mLevel 1[0m discover_packages(recursive) using defaults
[0.730s] [34mcolcon.colcon_core.package_discovery[0m [1;30mLevel 1[0m discover_packages(ignore) discover
[0.730s] [34mcolcon.colcon_core.package_discovery[0m [1;30mLevel 1[0m discover_packages(ignore) using defaults
[0.730s] [34mcolcon.colcon_core.package_discovery[0m [1;30mLevel 1[0m discover_packages(path) discover
[0.730s] [34mcolcon.colcon_core.package_discovery[0m [1;30mLevel 1[0m discover_packages(path) using defaults
[0.770s] [34mcolcon.colcon_core.verb[0m [1;30mLevel 5[0m set package 'robot_controller' build argument 'cmake_args' from command line to 'None'
[0.770s] [34mcolcon.colcon_core.verb[0m [1;30mLevel 5[0m set package 'robot_controller' build argument 'cmake_target' from command line to 'None'
[0.770s] [34mcolcon.colcon_core.verb[0m [1;30mLevel 5[0m set package 'robot_controller' build argument 'cmake_target_skip_unavailable' from command line to 'False'
[0.770s] [34mcolcon.colcon_core.verb[0m [1;30mLevel 5[0m set package 'robot_controller' build argument 'cmake_clean_cache' from command line to 'False'
[0.770s] [34mcolcon.colcon_core.verb[0m [1;30mLevel 5[0m set package 'robot_controller' build argument 'cmake_clean_first' from command line to 'False'
[0.771s] [34mcolcon.colcon_core.verb[0m [1;30mLevel 5[0m set package 'robot_controller' build argument 'cmake_force_configure' from command line to 'False'
[0.771s] [34mcolcon.colcon_core.verb[0m [1;30mLevel 5[0m set package 'robot_controller' build argument 'ament_cmake_args' from command line to 'None'
[0.771s] [34mcolcon.colcon_core.verb[0m [1;30mLevel 5[0m set package 'robot_controller' build argument 'catkin_cmake_args' from command line to 'None'
[0.771s] [34mcolcon.colcon_core.verb[0m [1;30mLevel 5[0m set package 'robot_controller' build argument 'catkin_skip_building_tests' from command line to 'False'
[0.771s] [34mcolcon.colcon_core.verb[0m [1;30mDEBUG[0m [32mBuilding package 'robot_controller' with the following arguments: {'ament_cmake_args': None, 'build_base': 'C:\\Users\\Mathew\\Documents\\Code\\WEAP\\pixi_environments\\ros2_weap\\ros2-lab\\build\\robot_controller', 'catkin_cmake_args': None, 'catkin_skip_building_tests': False, 'cmake_args': None, 'cmake_clean_cache': False, 'cmake_clean_first': False, 'cmake_force_configure': False, 'cmake_target': None, 'cmake_target_skip_unavailable': False, 'install_base': 'C:\\Users\\Mathew\\Documents\\Code\\WEAP\\pixi_environments\\ros2_weap\\ros2-lab\\install\\robot_controller', 'merge_install': False, 'path': 'C:\\Users\\Mathew\\Documents\\Code\\WEAP\\pixi_environments\\ros2_weap\\ros2-lab\\src\\robot_controller', 'symlink_install': False, 'test_result_base': None}[0m
[0.771s] [34mcolcon.colcon_core.executor[0m [1;30mINFO[0m Executing jobs using 'parallel' executor
[0.775s] [34mcolcon.colcon_parallel_executor.executor.parallel[0m [1;30mDEBUG[0m [32mrun_until_complete[0m
[0.776s] [34mcolcon.colcon_ros.task.ament_python.build[0m [1;30mINFO[0m Building ROS package in 'C:\Users\Mathew\Documents\Code\WEAP\pixi_environments\ros2_weap\ros2-lab\src\robot_controller' with build type 'ament_python'
[0.776s] [34mcolcon.colcon_core.shell[0m [1;30mLevel 1[0m create_environment_hook('robot_controller', 'ament_prefix_path')
[0.779s] [34mcolcon.colcon_core.plugin_system[0m [1;30mINFO[0m Skipping extension 'colcon_core.shell.sh': Not used on Windows systems
[0.779s] [34mcolcon.colcon_core.shell[0m [1;30mINFO[0m Creating environment hook 'C:\Users\Mathew\Documents\Code\WEAP\pixi_environments\ros2_weap\ros2-lab\install\robot_controller\share\robot_controller\hook\ament_prefix_path.ps1'
[0.784s] [34mcolcon.colcon_core.shell[0m [1;30mINFO[0m Creating environment hook 'C:\Users\Mathew\Documents\Code\WEAP\pixi_environments\ros2_weap\ros2-lab\install\robot_controller\share\robot_controller\hook\ament_prefix_path.bat'
[0.787s] [34mcolcon.colcon_core.shell[0m [1;30mINFO[0m Creating environment descriptor 'C:\Users\Mathew\Documents\Code\WEAP\pixi_environments\ros2_weap\ros2-lab\install\robot_controller\share\robot_controller\hook\ament_prefix_path.dsv'
[1.827s] [34mcolcon.colcon_core.task.python.build[0m [1;30mINFO[0m Building Python package in 'C:\Users\Mathew\Documents\Code\WEAP\pixi_environments\ros2_weap\ros2-lab\src\robot_controller'
[3.940s] [34mcolcon.colcon_core.event_handler.log_command[0m [1;30mDEBUG[0m [32mInvoking command in 'C:\Users\Mathew\Documents\Code\WEAP\pixi_environments\ros2_weap\ros2-lab\src\robot_controller': CONDA_ENV_SHLVL_2_PIXI_PROMPT=(ros2_weap) PIXI_PROMPT=(ros2_weap) PYTHONPATH=C:\Users\Mathew\Documents\Code\WEAP\pixi_environments\ros2_weap\ros2-lab\build\robot_controller\prefix_override;C:\Users\Mathew\Documents\Code\WEAP\pixi_environments\ros2_weap\.pixi\envs\default\Lib\site-packages\colcon_core\task\python\colcon_distutils_commands;C:\Users\Mathew\Documents\Code\WEAP\pixi_environments\ros2_weap\ros2-lab\install\robot_controller\Lib\site-packages;%PYTHONPATH% C:\Users\Mathew\Documents\Code\WEAP\pixi_environments\ros2_weap\.pixi\envs\default\python.exe -W ignore:setup.py install is deprecated -W ignore:easy_install command is deprecated setup.py egg_info --egg-base ..\..\build\robot_controller build --build-base C:\Users\Mathew\Documents\Code\WEAP\pixi_environments\ros2_weap\ros2-lab\build\robot_controller\build install --record C:\Users\Mathew\Documents\Code\WEAP\pixi_environments\ros2_weap\ros2-lab\build\robot_controller\install.log --single-version-externally-managed install_data[0m
[5.803s] [34mcolcon.colcon_core.event_handler.log_command[0m [1;30mDEBUG[0m [32mInvoked command in 'C:\Users\Mathew\Documents\Code\WEAP\pixi_environments\ros2_weap\ros2-lab\src\robot_controller' returned '0': CONDA_ENV_SHLVL_2_PIXI_PROMPT=(ros2_weap) PIXI_PROMPT=(ros2_weap) PYTHONPATH=C:\Users\Mathew\Documents\Code\WEAP\pixi_environments\ros2_weap\ros2-lab\build\robot_controller\prefix_override;C:\Users\Mathew\Documents\Code\WEAP\pixi_environments\ros2_weap\.pixi\envs\default\Lib\site-packages\colcon_core\task\python\colcon_distutils_commands;C:\Users\Mathew\Documents\Code\WEAP\pixi_environments\ros2_weap\ros2-lab\install\robot_controller\Lib\site-packages;%PYTHONPATH% C:\Users\Mathew\Documents\Code\WEAP\pixi_environments\ros2_weap\.pixi\envs\default\python.exe -W ignore:setup.py install is deprecated -W ignore:easy_install command is deprecated setup.py egg_info --egg-base ..\..\build\robot_controller build --build-base C:\Users\Mathew\Documents\Code\WEAP\pixi_environments\ros2_weap\ros2-lab\build\robot_controller\build install --record C:\Users\Mathew\Documents\Code\WEAP\pixi_environments\ros2_weap\ros2-lab\build\robot_controller\install.log --single-version-externally-managed install_data[0m
[5.818s] [34mcolcon.colcon_core.environment[0m [1;30mLevel 1[0m checking 'C:\Users\Mathew\Documents\Code\WEAP\pixi_environments\ros2_weap\ros2-lab\install\robot_controller' for CMake module files
[5.819s] [34mcolcon.colcon_core.environment[0m [1;30mLevel 1[0m checking 'C:\Users\Mathew\Documents\Code\WEAP\pixi_environments\ros2_weap\ros2-lab\install\robot_controller' for CMake config files
[5.822s] [34mcolcon.colcon_core.environment[0m [1;30mLevel 1[0m checking 'C:\Users\Mathew\Documents\Code\WEAP\pixi_environments\ros2_weap\ros2-lab\install\robot_controller\bin'
[5.822s] [34mcolcon.colcon_core.environment[0m [1;30mLevel 1[0m checking 'C:\Users\Mathew\Documents\Code\WEAP\pixi_environments\ros2_weap\ros2-lab\install\robot_controller\bin'
[5.822s] [34mcolcon.colcon_core.environment[0m [1;30mLevel 1[0m checking 'C:\Users\Mathew\Documents\Code\WEAP\pixi_environments\ros2_weap\ros2-lab\install\robot_controller\lib\pkgconfig\robot_controller.pc'
[5.822s] [34mcolcon.colcon_core.environment[0m [1;30mLevel 1[0m checking 'C:\Users\Mathew\Documents\Code\WEAP\pixi_environments\ros2_weap\ros2-lab\install\robot_controller\Lib\site-packages'
[5.823s] [34mcolcon.colcon_core.shell[0m [1;30mLevel 1[0m create_environment_hook('robot_controller', 'pythonpath')
[5.823s] [34mcolcon.colcon_core.shell[0m [1;30mINFO[0m Creating environment hook 'C:\Users\Mathew\Documents\Code\WEAP\pixi_environments\ros2_weap\ros2-lab\install\robot_controller\share\robot_controller\hook\pythonpath.ps1'
[5.823s] [34mcolcon.colcon_core.shell[0m [1;30mINFO[0m Creating environment hook 'C:\Users\Mathew\Documents\Code\WEAP\pixi_environments\ros2_weap\ros2-lab\install\robot_controller\share\robot_controller\hook\pythonpath.bat'
[5.823s] [34mcolcon.colcon_core.shell[0m [1;30mINFO[0m Creating environment descriptor 'C:\Users\Mathew\Documents\Code\WEAP\pixi_environments\ros2_weap\ros2-lab\install\robot_controller\share\robot_controller\hook\pythonpath.dsv'
[5.827s] [34mcolcon.colcon_core.environment[0m [1;30mLevel 1[0m checking 'C:\Users\Mathew\Documents\Code\WEAP\pixi_environments\ros2_weap\ros2-lab\install\robot_controller\Scripts'
[5.827s] [34mcolcon.colcon_core.environment[0m [1;30mLevel 1[0m create_environment_scripts_only(robot_controller)
[5.827s] [34mcolcon.colcon_core.shell[0m [1;30mINFO[0m Creating package script 'C:\Users\Mathew\Documents\Code\WEAP\pixi_environments\ros2_weap\ros2-lab\install\robot_controller\share\robot_controller\package.ps1'
[5.827s] [34mcolcon.colcon_core.shell[0m [1;30mINFO[0m Creating package script 'C:\Users\Mathew\Documents\Code\WEAP\pixi_environments\ros2_weap\ros2-lab\install\robot_controller\share\robot_controller\package.bat'
[5.832s] [34mcolcon.colcon_core.shell[0m [1;30mINFO[0m Creating package descriptor 'C:\Users\Mathew\Documents\Code\WEAP\pixi_environments\ros2_weap\ros2-lab\install\robot_controller\share\robot_controller\package.dsv'
[5.836s] [34mcolcon.colcon_core.environment[0m [1;30mLevel 1[0m create_file_with_runtime_dependencies(C:\Users\Mathew\Documents\Code\WEAP\pixi_environments\ros2_weap\ros2-lab\install\robot_controller\share\colcon-core\packages\robot_controller)
[5.839s] [34mcolcon.colcon_parallel_executor.executor.parallel[0m [1;30mDEBUG[0m [32mclosing loop[0m
[5.839s] [34mcolcon.colcon_parallel_executor.executor.parallel[0m [1;30mDEBUG[0m [32mloop closed[0m
[5.839s] [34mcolcon.colcon_parallel_executor.executor.parallel[0m [1;30mDEBUG[0m [32mrun_until_complete finished with '0'[0m
[5.839s] [34mcolcon.colcon_core.event_reactor[0m [1;30mDEBUG[0m [32mjoining thread[0m
[5.850s] [34mcolcon.colcon_core.plugin_system[0m [1;30mINFO[0m Skipping extension 'colcon_notification.desktop_notification.notify2': 'notify2' not found
[5.850s] [34mcolcon.colcon_core.plugin_system[0m [1;30mINFO[0m Skipping extension 'colcon_notification.desktop_notification.notify_send': Not used on non-Linux systems
[5.850s] [34mcolcon.colcon_core.plugin_system[0m [1;30mINFO[0m Skipping extension 'colcon_notification.desktop_notification.terminal_notifier': Not used on non-Darwin systems
[5.850s] [34mcolcon.colcon_notification.desktop_notification[0m [1;30mINFO[0m Sending desktop notification using 'win32'
[10.876s] [34mcolcon.colcon_core.event_reactor[0m [1;30mDEBUG[0m [32mjoined thread[0m
[10.876s] [34mcolcon.colcon_core.shell[0m [1;30mINFO[0m Creating prefix script 'C:\Users\Mathew\Documents\Code\WEAP\pixi_environments\ros2_weap\ros2-lab\install\local_setup.ps1'
[10.880s] [34mcolcon.colcon_core.shell[0m [1;30mINFO[0m Creating prefix util module 'C:\Users\Mathew\Documents\Code\WEAP\pixi_environments\ros2_weap\ros2-lab\install\_local_setup_util_ps1.py'
[10.890s] [34mcolcon.colcon_core.shell[0m [1;30mINFO[0m Creating prefix chain script 'C:\Users\Mathew\Documents\Code\WEAP\pixi_environments\ros2_weap\ros2-lab\install\setup.ps1'
[10.893s] [34mcolcon.colcon_core.shell[0m [1;30mINFO[0m Creating prefix script 'C:\Users\Mathew\Documents\Code\WEAP\pixi_environments\ros2_weap\ros2-lab\install\local_setup.bat'
[10.896s] [34mcolcon.colcon_core.shell[0m [1;30mINFO[0m Creating prefix util module 'C:\Users\Mathew\Documents\Code\WEAP\pixi_environments\ros2_weap\ros2-lab\install\_local_setup_util_bat.py'
[10.898s] [34mcolcon.colcon_core.shell[0m [1;30mINFO[0m Creating prefix chain script 'C:\Users\Mathew\Documents\Code\WEAP\pixi_environments\ros2_weap\ros2-lab\install\setup.bat'
