[0.535s] Invoking command in '/home/kkanjo/utm/src/robot_controller': DEBUGINFOD_URLS=https://debuginfod.ubuntu.com PYTHONPATH=/home/kkanjo/utm/src/robot_controller/build/robot_controller/prefix_override:/usr/lib/python3/dist-packages/colcon_core/task/python/colcon_distutils_commands:/home/kkanjo/utm/src/robot_controller/install/robot_controller/lib/python3.12/site-packages:${PYTHONPATH} /usr/bin/python3 -W ignore:setup.py install is deprecated -W ignore:easy_install command is deprecated setup.py egg_info --egg-base build/robot_controller build --build-base /home/kkanjo/utm/src/robot_controller/build/robot_controller/build install --record /home/kkanjo/utm/src/robot_controller/build/robot_controller/install.log --single-version-externally-managed install_data
[0.677s] running egg_info
[0.677s] creating build/robot_controller/robot_controller.egg-info
[0.683s] writing build/robot_controller/robot_controller.egg-info/PKG-INFO
[0.683s] writing dependency_links to build/robot_controller/robot_controller.egg-info/dependency_links.txt
[0.683s] writing entry points to build/robot_controller/robot_controller.egg-info/entry_points.txt
[0.683s] writing requirements to build/robot_controller/robot_controller.egg-info/requires.txt
[0.683s] writing top-level names to build/robot_controller/robot_controller.egg-info/top_level.txt
[0.683s] writing manifest file 'build/robot_controller/robot_controller.egg-info/SOURCES.txt'
[0.697s] reading manifest file 'build/robot_controller/robot_controller.egg-info/SOURCES.txt'
[0.697s] writing manifest file 'build/robot_controller/robot_controller.egg-info/SOURCES.txt'
[0.697s] running build
[0.697s] running build_py
[0.698s] creating /home/kkanjo/utm/src/robot_controller/build/robot_controller/build
[0.698s] creating /home/kkanjo/utm/src/robot_controller/build/robot_controller/build/lib
[0.698s] creating /home/kkanjo/utm/src/robot_controller/build/robot_controller/build/lib/robot_controller
[0.698s] copying robot_controller/__init__.py -> /home/kkanjo/utm/src/robot_controller/build/robot_controller/build/lib/robot_controller
[0.698s] copying robot_controller/hello_node.py -> /home/kkanjo/utm/src/robot_controller/build/robot_controller/build/lib/robot_controller
[0.698s] running install
[0.700s] running install_lib
[0.707s] creating /home/kkanjo/utm/src/robot_controller/install/robot_controller/lib/python3.12/site-packages/robot_controller
[0.707s] copying /home/kkanjo/utm/src/robot_controller/build/robot_controller/build/lib/robot_controller/__init__.py -> /home/kkanjo/utm/src/robot_controller/install/robot_controller/lib/python3.12/site-packages/robot_controller
[0.707s] copying /home/kkanjo/utm/src/robot_controller/build/robot_controller/build/lib/robot_controller/hello_node.py -> /home/kkanjo/utm/src/robot_controller/install/robot_controller/lib/python3.12/site-packages/robot_controller
[0.707s] byte-compiling /home/kkanjo/utm/src/robot_controller/install/robot_controller/lib/python3.12/site-packages/robot_controller/__init__.py to __init__.cpython-312.pyc
[0.707s] byte-compiling /home/kkanjo/utm/src/robot_controller/install/robot_controller/lib/python3.12/site-packages/robot_controller/hello_node.py to hello_node.cpython-312.pyc
[0.708s] running install_data
[0.708s] creating /home/kkanjo/utm/src/robot_controller/install/robot_controller/share/ament_index
[0.708s] creating /home/kkanjo/utm/src/robot_controller/install/robot_controller/share/ament_index/resource_index
[0.708s] creating /home/kkanjo/utm/src/robot_controller/install/robot_controller/share/ament_index/resource_index/packages
[0.708s] copying resource/robot_controller -> /home/kkanjo/utm/src/robot_controller/install/robot_controller/share/ament_index/resource_index/packages
[0.708s] copying package.xml -> /home/kkanjo/utm/src/robot_controller/install/robot_controller/share/robot_controller
[0.708s] running install_egg_info
[0.715s] Copying build/robot_controller/robot_controller.egg-info to /home/kkanjo/utm/src/robot_controller/install/robot_controller/lib/python3.12/site-packages/robot_controller-0.0.0-py3.12.egg-info
[0.715s] running install_scripts
[0.770s] Installing hello_node script to /home/kkanjo/utm/src/robot_controller/install/robot_controller/lib/robot_controller
[0.770s] writing list of installed files to '/home/kkanjo/utm/src/robot_controller/build/robot_controller/install.log'
[0.784s] Invoked command in '/home/kkanjo/utm/src/robot_controller' returned '0': DEBUGINFOD_URLS=https://debuginfod.ubuntu.com PYTHONPATH=/home/kkanjo/utm/src/robot_controller/build/robot_controller/prefix_override:/usr/lib/python3/dist-packages/colcon_core/task/python/colcon_distutils_commands:/home/kkanjo/utm/src/robot_controller/install/robot_controller/lib/python3.12/site-packages:${PYTHONPATH} /usr/bin/python3 -W ignore:setup.py install is deprecated -W ignore:easy_install command is deprecated setup.py egg_info --egg-base build/robot_controller build --build-base /home/kkanjo/utm/src/robot_controller/build/robot_controller/build install --record /home/kkanjo/utm/src/robot_controller/build/robot_controller/install.log --single-version-externally-managed install_data
