[0.437s] Invoking command in '/home/kkanjo/utm/src/robot_controller/build/robot_controller': DEBUGINFOD_URLS=https://debuginfod.ubuntu.com PYTHONPATH=/home/kkanjo/utm/src/robot_controller/build/robot_controller/prefix_override:/usr/lib/python3/dist-packages/colcon_core/task/python/colcon_distutils_commands:/home/kkanjo/utm/src/robot_controller/install/robot_controller/lib/python3.12/site-packages:${PYTHONPATH} /usr/bin/python3 -W ignore:setup.py install is deprecated -W ignore:easy_install command is deprecated setup.py develop --editable --build-directory /home/kkanjo/utm/src/robot_controller/build/robot_controller/build --no-deps symlink_data
[0.613s] running develop
[0.676s] running egg_info
[0.682s] writing robot_controller.egg-info/PKG-INFO
[0.682s] writing dependency_links to robot_controller.egg-info/dependency_links.txt
[0.682s] writing entry points to robot_controller.egg-info/entry_points.txt
[0.682s] writing requirements to robot_controller.egg-info/requires.txt
[0.682s] writing top-level names to robot_controller.egg-info/top_level.txt
[0.696s] reading manifest file 'robot_controller.egg-info/SOURCES.txt'
[0.697s] writing manifest file 'robot_controller.egg-info/SOURCES.txt'
[0.708s] running build_ext
[0.708s] Creating /home/kkanjo/utm/src/robot_controller/install/robot_controller/lib/python3.12/site-packages/robot-controller.egg-link (link to .)
[0.708s] Installing circle_publisher script to /home/kkanjo/utm/src/robot_controller/install/robot_controller/lib/robot_controller
[0.708s] Installing follow_center script to /home/kkanjo/utm/src/robot_controller/install/robot_controller/lib/robot_controller
[0.708s] Installing hello_node script to /home/kkanjo/utm/src/robot_controller/install/robot_controller/lib/robot_controller
[0.709s] Installing pose_subscriber script to /home/kkanjo/utm/src/robot_controller/install/robot_controller/lib/robot_controller
[0.709s] 
[0.709s] Installed /home/kkanjo/utm/src/robot_controller/build/robot_controller
[0.709s] running symlink_data
[0.724s] Invoked command in '/home/kkanjo/utm/src/robot_controller/build/robot_controller' returned '0': DEBUGINFOD_URLS=https://debuginfod.ubuntu.com PYTHONPATH=/home/kkanjo/utm/src/robot_controller/build/robot_controller/prefix_override:/usr/lib/python3/dist-packages/colcon_core/task/python/colcon_distutils_commands:/home/kkanjo/utm/src/robot_controller/install/robot_controller/lib/python3.12/site-packages:${PYTHONPATH} /usr/bin/python3 -W ignore:setup.py install is deprecated -W ignore:easy_install command is deprecated setup.py develop --editable --build-directory /home/kkanjo/utm/src/robot_controller/build/robot_controller/build --no-deps symlink_data
