running egg_info
writing ..\..\build\robot_controller\robot_controller.egg-info\PKG-INFO
writing dependency_links to ..\..\build\robot_controller\robot_controller.egg-info\dependency_links.txt
writing entry points to ..\..\build\robot_controller\robot_controller.egg-info\entry_points.txt
writing requirements to ..\..\build\robot_controller\robot_controller.egg-info\requires.txt
writing top-level names to ..\..\build\robot_controller\robot_controller.egg-info\top_level.txt
reading manifest file '..\..\build\robot_controller\robot_controller.egg-info\SOURCES.txt'
writing manifest file '..\..\build\robot_controller\robot_controller.egg-info\SOURCES.txt'
running build
running build_py
copying robot_controller\circle_publisher.py -> C:\Users\willi\ros_projects\ros2_first_project\utm\build\robot_controller\build\lib\robot_controller
copying robot_controller\hello_node.py -> C:\Users\willi\ros_projects\ros2_first_project\utm\build\robot_controller\build\lib\robot_controller
copying robot_controller\initializeSpawn.py -> C:\Users\willi\ros_projects\ros2_first_project\utm\build\robot_controller\build\lib\robot_controller
copying robot_controller\pose_subscriber.py -> C:\Users\willi\ros_projects\ros2_first_project\utm\build\robot_controller\build\lib\robot_controller
copying robot_controller\randomMovement.py -> C:\Users\willi\ros_projects\ros2_first_project\utm\build\robot_controller\build\lib\robot_controller
copying robot_controller\stopper.py -> C:\Users\willi\ros_projects\ros2_first_project\utm\build\robot_controller\build\lib\robot_controller
copying robot_controller\__init__.py -> C:\Users\willi\ros_projects\ros2_first_project\utm\build\robot_controller\build\lib\robot_controller
running install
running install_lib
running install_data
copying resource\robot_controller -> C:\Users\willi\ros_projects\ros2_first_project\utm\install\robot_controller\share\ament_index\resource_index\packages
copying package.xml -> C:\Users\willi\ros_projects\ros2_first_project\utm\install\robot_controller\share\robot_controller
running install_egg_info
removing 'C:\Users\willi\ros_projects\ros2_first_project\utm\install\robot_controller\Lib\site-packages\robot_controller-0.0.0-py3.12.egg-info' (and everything under it)
Copying ..\..\build\robot_controller\robot_controller.egg-info to C:\Users\willi\ros_projects\ros2_first_project\utm\install\robot_controller\Lib\site-packages\robot_controller-0.0.0-py3.12.egg-info
running install_scripts
Installing circle_publisher-script.py script to C:\Users\willi\ros_projects\ros2_first_project\utm\install\robot_controller\lib\robot_controller
Installing circle_publisher.exe script to C:\Users\willi\ros_projects\ros2_first_project\utm\install\robot_controller\lib\robot_controller
Installing hello_node-script.py script to C:\Users\willi\ros_projects\ros2_first_project\utm\install\robot_controller\lib\robot_controller
Installing hello_node.exe script to C:\Users\willi\ros_projects\ros2_first_project\utm\install\robot_controller\lib\robot_controller
Installing initial_spawn-script.py script to C:\Users\willi\ros_projects\ros2_first_project\utm\install\robot_controller\lib\robot_controller
Installing initial_spawn.exe script to C:\Users\willi\ros_projects\ros2_first_project\utm\install\robot_controller\lib\robot_controller
Installing pose_subscriber-script.py script to C:\Users\willi\ros_projects\ros2_first_project\utm\install\robot_controller\lib\robot_controller
Installing pose_subscriber.exe script to C:\Users\willi\ros_projects\ros2_first_project\utm\install\robot_controller\lib\robot_controller
Installing random_movement-script.py script to C:\Users\willi\ros_projects\ros2_first_project\utm\install\robot_controller\lib\robot_controller
Installing random_movement.exe script to C:\Users\willi\ros_projects\ros2_first_project\utm\install\robot_controller\lib\robot_controller
Installing stopper-script.py script to C:\Users\willi\ros_projects\ros2_first_project\utm\install\robot_controller\lib\robot_controller
Installing stopper.exe script to C:\Users\willi\ros_projects\ros2_first_project\utm\install\robot_controller\lib\robot_controller
writing list of installed files to 'C:\Users\willi\ros_projects\ros2_first_project\utm\build\robot_controller\install.log'
